// Jest Snapshot v1, https://goo.gl/fbAQLP

exports[`Horizontal Case-Study Card should render correctly 1`] = `
<DocumentFragment>
  <div
    class="case-study-card-container"
  >
    <div
      class="case-study-image"
    >
      <img
        alt="case-study-image"
        class="image-component"
      />
    </div>
    <div
      class="case-study-detail-box"
    >
      <div
        class="case-study-name text-base font-bold"
      />
      <div
        class="case-study-upload-date text-xs text-gray-500"
      >
        uploaded on 03/20/2023
      </div>
    </div>
  </div>
</DocumentFragment>
`;
