// Jest Snapshot v1, https://goo.gl/fbAQLP

exports[`LoginPage Snapshot should render 1`] = `
<DocumentFragment>
  <div
    class="login-page-container"
  >
    <div
      class="font-light h-[120px] text-white flex justify-center bg-deepBlue header-container relative items-center"
    >
      <img
        class="h-[70px] w-[155px] aspect-auto self-end pl-0 pt-0 pb-[5px] absolute left-44"
        src="McK_Logo.png"
      />
      <div
        class="h-full  flex box-border"
      />
    </div>
    <div
      class="login-page"
    >
      <div
        class="card"
      >
        <p
          class="title"
        >
          Hub Capablities and staffing portal
        </p>
        <div>
          <input
            class="login-input"
            placeholder="email"
            type="text"
          />
        </div>
        <div>
          <input
            class="login-input"
            placeholder="password"
            type="password"
          />
        </div>
        <button
          class="button"
          data-testid="button"
        >
          Login
        </button>
      </div>
    </div>
    <div
      class="h-[120px] bottom-0 flex items-center"
    >
      <img
        alt="McKinsey and Company"
        class="absolute left-44 h-[54px] w-[155px] aspect-autolg:mr-[180px] sm:mr-[90px]"
        src="mckinsey-logo.png"
      />
    </div>
  </div>
</DocumentFragment>
`;
