// Jest Snapshot v1, https://goo.gl/fbAQLP

exports[`Notification Notification snapshot 1`] = `
<DocumentFragment>
  <div
    class="notification-card error-bg"
  >
    <div
      class="message"
    >
      <p
        class="error-text"
      >
        test
      </p>
    </div>
    <div
      class="close-button error-bg error-text "
      data-testid="X"
    >
      X
    </div>
  </div>
</DocumentFragment>
`;
