// Jest Snapshot v1, https://goo.gl/fbAQLP

exports[`Notification Notification snapshot 1`] = `
<DocumentFragment>
  <div
    class="notification-card error-bg"
  >
    <div
      class="message"
    >
      <p
        class="error-text"
      >
        test
      </p>
    </div>
    <div
      class="close-button error-bg error-text "
      data-testid="X"
    >
      <svg
        aria-hidden="true"
        class="svg-inline--fa fa-circle-xmark fa-20 "
        data-icon="circle-xmark"
        data-prefix="fas"
        focusable="false"
        role="img"
        viewBox="0 0 512 512"
        xmlns="http://www.w3.org/2000/svg"
      >
        <path
          d="M256 512c141.4 0 256-114.6 256-256S397.4 0 256 0S0 114.6 0 256S114.6 512 256 512zM175 175c9.4-9.4 24.6-9.4 33.9 0l47 47 47-47c9.4-9.4 24.6-9.4 33.9 0s9.4 24.6 0 33.9l-47 47 47 47c9.4 9.4 9.4 24.6 0 33.9s-24.6 9.4-33.9 0l-47-47-47 47c-9.4 9.4-24.6 9.4-33.9 0s-9.4-24.6 0-33.9l47-47-47-47c-9.4-9.4-9.4-24.6 0-33.9z"
          fill="currentColor"
        />
      </svg>
    </div>
  </div>
</DocumentFragment>
`;
