// Jest Snapshot v1, https://goo.gl/fbAQLP

exports[`PeoplePage should render without crashing 1`] = `
<DocumentFragment>
  <div
    class="pt-32 w-full flex justify-center undefined"
  >
    <div
      class="font-light h-[15vh] text-white flex justify-center bg-deepBlue header-container relative"
    >
      <img
        class="h-[70px] w-[155px] aspect-auto self-end pl-0 pt-0 pb-[5px] absolute left-44"
        src="McK_Logo.png"
      />
      <div
        class="h-full  flex box-border"
      >
        <div
          class="grid grid-cols-4 gap-10 items-end"
        >
          <button
            class="text-[white] hover:text-cyan hover:border-b-[5px] hover:border-b-cyan hover:border-solid pt-0 pb-[15px] hover:pb-2.5 px-[5px]"
          >
            Engagements
          </button>
          <button
            class="text-[white] hover:text-cyan hover:border-b-[5px] hover:border-b-cyan hover:border-solid pt-0 pb-[15px] hover:pb-2.5 px-[5px]"
          >
            People
          </button>
          <button
            class="text-[white] hover:text-cyan hover:border-b-[5px] hover:border-b-cyan hover:border-solid pt-0 pb-[15px] hover:pb-2.5 px-[5px]"
          >
            Case Studies
          </button>
          <button
            class="text-[white] hover:text-cyan hover:border-b-[5px] hover:border-b-cyan hover:border-solid pt-0 pb-[15px] hover:pb-2.5 px-[5px]"
          >
            Upload Excel
          </button>
        </div>
      </div>
    </div>
    <div
      class="people-page-filter-container"
    >
      <div
        class="people-page-filter-search-box"
      >
        <div
          class="people-page-filter-input-box"
        >
          <div
            class="search-container"
          >
            <input
              placeholder="Search for people"
              type="text"
            />
            <div
              class="filter-search-button"
            >
              <button
                class="button"
                data-testid="button"
              >
                Search
              </button>
            </div>
          </div>
        </div>
      </div>
      <div
        class="people-page-filter-drop-downs"
      >
        <div
          class="w-44 font-normal dropdown-container"
        >
          <div
            class="bg-white w-full p-2 dropdown-header
        flex justify-between items-center border-solid border border-black cursor-pointer"
          >
            Technology
            <svg
              fill="currentColor"
              height="20"
              stroke="currentColor"
              stroke-width="0"
              viewBox="0 0 24 24"
              width="20"
              xmlns="http://www.w3.org/2000/svg"
            >
              <path
                d="M16.293 9.293 12 13.586 7.707 9.293l-1.414 1.414L12 16.414l5.707-5.707z"
              />
            </svg>
          </div>
        </div>
        <div
          class="w-44 font-normal dropdown-container"
        >
          <div
            class="bg-white w-full p-2 dropdown-header
        flex justify-between items-center border-solid border border-black cursor-pointer"
          >
            Role
            <svg
              fill="currentColor"
              height="20"
              stroke="currentColor"
              stroke-width="0"
              viewBox="0 0 24 24"
              width="20"
              xmlns="http://www.w3.org/2000/svg"
            >
              <path
                d="M16.293 9.293 12 13.586 7.707 9.293l-1.414 1.414L12 16.414l5.707-5.707z"
              />
            </svg>
          </div>
        </div>
        <button
          class="button"
          data-testid="button"
        >
          Add new member
        </button>
      </div>
      <div />
    </div>
    <div
      class="container-in-people"
    >
      <div
        class="grid grid-cols-1 h-full gap-x-14 gap-y-8 lg:grid-cols-4 md:grid-cols-2"
      />
    </div>
  </div>
</DocumentFragment>
`;
