// Jest Snapshot v1, https://goo.gl/fbAQLP

exports[`PeopleHorizontalCard Snapshot should render 1`] = `
<DocumentFragment>
  <div
    class="user-horizontal-card-container"
  >
    <div
      class="user-horizontal-img-container"
    >
      <img
        class="user-horizontal-img"
        src="user-default.png"
      />
    </div>
    <div
      class="user-horizontal-details"
    >
      <p
        class="user-horizontal-id"
      >
        FMNO: 
      </p>
      <p
        class="user-horizontal-name"
      />
      <p
        class="user-horizontal-position"
      />
      <p
        class="user-horizontal-office"
      />
      <div
        class="user-horizontal-bottom-btn"
      >
        <div>
          <p>
            Know More
          </p>
          <svg
            color="blue"
            fill="currentColor"
            height="1em"
            stroke="currentColor"
            stroke-width="0"
            style="color: blue;"
            viewBox="0 0 16 16"
            width="1em"
            xmlns="http://www.w3.org/2000/svg"
          >
            <path
              d="M1 8a.5.5 0 0 1 .5-.5h11.793l-3.147-3.146a.5.5 0 0 1 .708-.708l4 4a.5.5 0 0 1 0 .708l-4 4a.5.5 0 0 1-.708-.708L13.293 8.5H1.5A.5.5 0 0 1 1 8z"
              fill-rule="evenodd"
            />
          </svg>
        </div>
      </div>
    </div>
  </div>
</DocumentFragment>
`;
