// Jest Snapshot v1, https://goo.gl/fbAQLP

exports[`footer should render correctly 1`] = `
<DocumentFragment>
  <div
    class="footer"
  >
    <img
      alt="McKinsey and Company"
      class="h-[70px] w-[155px] aspect-auto self-end pl-0 lg:mr-[180px] sm:mr-[90px] pt-0 pb-[5px]"
      src="mckinsey-logo.png"
    />
  </div>
</DocumentFragment>
`;
