// Jest Snapshot v1, https://goo.gl/fbAQLP

exports[`footer should render correctly 1`] = `
<DocumentFragment>
  <div
    class="h-[120px] bottom-0 flex items-center"
  >
    <img
      alt="McKinsey and Company"
      class="absolute left-44 h-[54px] w-[155px] aspect-autolg:mr-[180px] sm:mr-[90px]"
      src="mckinsey-logo.png"
    />
  </div>
</DocumentFragment>
`;
